gcc -pthread -c -fno-strict-aliasing -g -O2 -DNDEBUG -g -fwrapv -O3 -Wall -Wstrict-prototypes  -s -g -I. -IInclude -I./Include  -fPIC -DPy_BUILD_CORE -o Modules/pvm.o ./Modules/pvm.c
./Modules/pvm.c: In function ‘main’:
./Modules/pvm.c:7:2: warning: implicit declaration of function ‘Py_Main_Backend’ [-Wimplicit-function-declaration]
  return Py_Main_Backend(argc, argv);
  ^
gcc -pthread -c -fno-strict-aliasing -g -O2 -DNDEBUG -g -fwrapv -O3 -Wall -Wstrict-prototypes  -s -g -I. -IInclude -I./Include  -fPIC -DPy_BUILD_CORE -o Objects/abstract.o Objects/abstract.c
gcc -pthread -c -fno-strict-aliasing -g -O2 -DNDEBUG -g -fwrapv -O3 -Wall -Wstrict-prototypes  -s -g -I. -IInclude -I./Include  -fPIC -DPy_BUILD_CORE -o Objects/boolobject.o Objects/boolobject.c
gcc -pthread -c -fno-strict-aliasing -g -O2 -DNDEBUG -g -fwrapv -O3 -Wall -Wstrict-prototypes  -s -g -I. -IInclude -I./Include  -fPIC -DPy_BUILD_CORE -o Objects/bufferobject.o Objects/bufferobject.c
gcc -pthread -c -fno-strict-aliasing -g -O2 -DNDEBUG -g -fwrapv -O3 -Wall -Wstrict-prototypes  -s -g -I. -IInclude -I./Include  -fPIC -DPy_BUILD_CORE -o Objects/bytes_methods.o Objects/bytes_methods.c
gcc -pthread -c -fno-strict-aliasing -g -O2 -DNDEBUG -g -fwrapv -O3 -Wall -Wstrict-prototypes  -s -g -I. -IInclude -I./Include  -fPIC -DPy_BUILD_CORE -o Objects/bytearrayobject.o Objects/bytearrayobject.c
gcc -pthread -c -fno-strict-aliasing -g -O2 -DNDEBUG -g -fwrapv -O3 -Wall -Wstrict-prototypes  -s -g -I. -IInclude -I./Include  -fPIC -DPy_BUILD_CORE -o Objects/capsule.o Objects/capsule.c
gcc -pthread -c -fno-strict-aliasing -g -O2 -DNDEBUG -g -fwrapv -O3 -Wall -Wstrict-prototypes  -s -g -I. -IInclude -I./Include  -fPIC -DPy_BUILD_CORE -o Objects/cellobject.o Objects/cellobject.c
gcc -pthread -c -fno-strict-aliasing -g -O2 -DNDEBUG -g -fwrapv -O3 -Wall -Wstrict-prototypes  -s -g -I. -IInclude -I./Include  -fPIC -DPy_BUILD_CORE -o Objects/classobject.o Objects/classobject.c
gcc -pthread -c -fno-strict-aliasing -g -O2 -DNDEBUG -g -fwrapv -O3 -Wall -Wstrict-prototypes  -s -g -I. -IInclude -I./Include  -fPIC -DPy_BUILD_CORE -o Objects/cobject.o Objects/cobject.c
gcc -pthread -c -fno-strict-aliasing -g -O2 -DNDEBUG -g -fwrapv -O3 -Wall -Wstrict-prototypes  -s -g -I. -IInclude -I./Include  -fPIC -DPy_BUILD_CORE -o Objects/codeobject.o Objects/codeobject.c
gcc -pthread -c -fno-strict-aliasing -g -O2 -DNDEBUG -g -fwrapv -O3 -Wall -Wstrict-prototypes  -s -g -I. -IInclude -I./Include  -fPIC -DPy_BUILD_CORE -o Objects/complexobject.o Objects/complexobject.c
gcc -pthread -c -fno-strict-aliasing -g -O2 -DNDEBUG -g -fwrapv -O3 -Wall -Wstrict-prototypes  -s -g -I. -IInclude -I./Include  -fPIC -DPy_BUILD_CORE -o Objects/descrobject.o Objects/descrobject.c
gcc -pthread -c -fno-strict-aliasing -g -O2 -DNDEBUG -g -fwrapv -O3 -Wall -Wstrict-prototypes  -s -g -I. -IInclude -I./Include  -fPIC -DPy_BUILD_CORE -o Objects/enumobject.o Objects/enumobject.c
gcc -pthread -c -fno-strict-aliasing -g -O2 -DNDEBUG -g -fwrapv -O3 -Wall -Wstrict-prototypes  -s -g -I. -IInclude -I./Include  -fPIC -DPy_BUILD_CORE -o Objects/exceptions.o Objects/exceptions.c
gcc -pthread -c -fno-strict-aliasing -g -O2 -DNDEBUG -g -fwrapv -O3 -Wall -Wstrict-prototypes  -s -g -I. -IInclude -I./Include  -fPIC -DPy_BUILD_CORE -o Objects/genobject.o Objects/genobject.c
gcc -pthread -c -fno-strict-aliasing -g -O2 -DNDEBUG -g -fwrapv -O3 -Wall -Wstrict-prototypes  -s -g -I. -IInclude -I./Include  -fPIC -DPy_BUILD_CORE -o Objects/fileobject.o Objects/fileobject.c
gcc -pthread -c -fno-strict-aliasing -g -O2 -DNDEBUG -g -fwrapv -O3 -Wall -Wstrict-prototypes  -s -g -I. -IInclude -I./Include  -fPIC -DPy_BUILD_CORE -o Objects/floatobject.o Objects/floatobject.c
gcc -pthread -c -fno-strict-aliasing -g -O2 -DNDEBUG -g -fwrapv -O3 -Wall -Wstrict-prototypes  -s -g -I. -IInclude -I./Include  -fPIC -DPy_BUILD_CORE -o Objects/frameobject.o Objects/frameobject.c
gcc -pthread -c -fno-strict-aliasing -g -O2 -DNDEBUG -g -fwrapv -O3 -Wall -Wstrict-prototypes  -s -g -I. -IInclude -I./Include  -fPIC -DPy_BUILD_CORE -o Objects/funcobject.o Objects/funcobject.c
gcc -pthread -c -fno-strict-aliasing -g -O2 -DNDEBUG -g -fwrapv -O3 -Wall -Wstrict-prototypes  -s -g -I. -IInclude -I./Include  -fPIC -DPy_BUILD_CORE -o Objects/intobject.o Objects/intobject.c
gcc -pthread -c -fno-strict-aliasing -g -O2 -DNDEBUG -g -fwrapv -O3 -Wall -Wstrict-prototypes  -s -g -I. -IInclude -I./Include  -fPIC -DPy_BUILD_CORE -o Objects/iterobject.o Objects/iterobject.c
gcc -pthread -c -fno-strict-aliasing -g -O2 -DNDEBUG -g -fwrapv -O3 -Wall -Wstrict-prototypes  -s -g -I. -IInclude -I./Include  -fPIC -DPy_BUILD_CORE -o Objects/listobject.o Objects/listobject.c
gcc -pthread -c -fno-strict-aliasing -g -O2 -DNDEBUG -g -fwrapv -O3 -Wall -Wstrict-prototypes  -s -g -I. -IInclude -I./Include  -fPIC -DPy_BUILD_CORE -o Objects/longobject.o Objects/longobject.c
gcc -pthread -c -fno-strict-aliasing -g -O2 -DNDEBUG -g -fwrapv -O3 -Wall -Wstrict-prototypes  -s -g -I. -IInclude -I./Include  -fPIC -DPy_BUILD_CORE -o Objects/dictobject.o Objects/dictobject.c
gcc -pthread -c -fno-strict-aliasing -g -O2 -DNDEBUG -g -fwrapv -O3 -Wall -Wstrict-prototypes  -s -g -I. -IInclude -I./Include  -fPIC -DPy_BUILD_CORE -o Objects/memoryobject.o Objects/memoryobject.c
gcc -pthread -c -fno-strict-aliasing -g -O2 -DNDEBUG -g -fwrapv -O3 -Wall -Wstrict-prototypes  -s -g -I. -IInclude -I./Include  -fPIC -DPy_BUILD_CORE -o Objects/methodobject.o Objects/methodobject.c
gcc -pthread -c -fno-strict-aliasing -g -O2 -DNDEBUG -g -fwrapv -O3 -Wall -Wstrict-prototypes  -s -g -I. -IInclude -I./Include  -fPIC -DPy_BUILD_CORE -o Objects/moduleobject.o Objects/moduleobject.c
gcc -pthread -c -fno-strict-aliasing -g -O2 -DNDEBUG -g -fwrapv -O3 -Wall -Wstrict-prototypes  -s -g -I. -IInclude -I./Include  -fPIC -DPy_BUILD_CORE -o Objects/object.o Objects/object.c
gcc -pthread -c -fno-strict-aliasing -g -O2 -DNDEBUG -g -fwrapv -O3 -Wall -Wstrict-prototypes  -s -g -I. -IInclude -I./Include  -fPIC -DPy_BUILD_CORE -o Objects/obmalloc.o Objects/obmalloc.c
gcc -pthread -c -fno-strict-aliasing -g -O2 -DNDEBUG -g -fwrapv -O3 -Wall -Wstrict-prototypes  -s -g -I. -IInclude -I./Include  -fPIC -DPy_BUILD_CORE -o Objects/rangeobject.o Objects/rangeobject.c
gcc -pthread -c -fno-strict-aliasing -g -O2 -DNDEBUG -g -fwrapv -O3 -Wall -Wstrict-prototypes  -s -g -I. -IInclude -I./Include  -fPIC -DPy_BUILD_CORE -o Objects/setobject.o Objects/setobject.c
Objects/setobject.c: In function ‘set_insert_key’:
Objects/setobject.c:215:25: warning: typedef ‘lookupfunc’ locally defined but not used [-Wunused-local-typedefs]
     typedef setentry *(*lookupfunc)(PySetObject *, PyObject *, long);
                         ^
gcc -pthread -c -fno-strict-aliasing -g -O2 -DNDEBUG -g -fwrapv -O3 -Wall -Wstrict-prototypes  -s -g -I. -IInclude -I./Include  -fPIC -DPy_BUILD_CORE -o Objects/sliceobject.o Objects/sliceobject.c
gcc -pthread -c -fno-strict-aliasing -g -O2 -DNDEBUG -g -fwrapv -O3 -Wall -Wstrict-prototypes  -s -g -I. -IInclude -I./Include  -fPIC -DPy_BUILD_CORE -o Objects/stringobject.o Objects/stringobject.c
gcc -pthread -c -fno-strict-aliasing -g -O2 -DNDEBUG -g -fwrapv -O3 -Wall -Wstrict-prototypes  -s -g -I. -IInclude -I./Include  -fPIC -DPy_BUILD_CORE -o Objects/structseq.o Objects/structseq.c
gcc -pthread -c -fno-strict-aliasing -g -O2 -DNDEBUG -g -fwrapv -O3 -Wall -Wstrict-prototypes  -s -g -I. -IInclude -I./Include  -fPIC -DPy_BUILD_CORE -o Objects/tupleobject.o Objects/tupleobject.c
gcc -pthread -c -fno-strict-aliasing -g -O2 -DNDEBUG -g -fwrapv -O3 -Wall -Wstrict-prototypes  -s -g -I. -IInclude -I./Include  -fPIC -DPy_BUILD_CORE -o Objects/typeobject.o Objects/typeobject.c
gcc -pthread -c -fno-strict-aliasing -g -O2 -DNDEBUG -g -fwrapv -O3 -Wall -Wstrict-prototypes  -s -g -I. -IInclude -I./Include  -fPIC -DPy_BUILD_CORE -o Objects/weakrefobject.o Objects/weakrefobject.c
gcc -pthread -c -fno-strict-aliasing -g -O2 -DNDEBUG -g -fwrapv -O3 -Wall -Wstrict-prototypes  -s -g -I. -IInclude -I./Include  -fPIC -DPy_BUILD_CORE -o Objects/unicodeobject.o Objects/unicodeobject.c
gcc -pthread -c -fno-strict-aliasing -g -O2 -DNDEBUG -g -fwrapv -O3 -Wall -Wstrict-prototypes  -s -g -I. -IInclude -I./Include  -fPIC -DPy_BUILD_CORE -o Objects/unicodectype.o Objects/unicodectype.c
gcc -pthread -c -fno-strict-aliasing -g -O2 -DNDEBUG -g -fwrapv -O3 -Wall -Wstrict-prototypes  -s -g -I. -IInclude -I./Include  -fPIC -DPy_BUILD_CORE -o Python/_warnings.o Python/_warnings.c
gcc -pthread -c -fno-strict-aliasing -g -O2 -DNDEBUG -g -fwrapv -O3 -Wall -Wstrict-prototypes  -s -g -I. -IInclude -I./Include  -fPIC -DPy_BUILD_CORE -o Python/codecs.o Python/codecs.c
gcc -pthread -c -fno-strict-aliasing -g -O2 -DNDEBUG -g -fwrapv -O3 -Wall -Wstrict-prototypes  -s -g -I. -IInclude -I./Include  -fPIC -DPy_BUILD_CORE -o Python/errors.o Python/errors.c
gcc -pthread -c -fno-strict-aliasing -g -O2 -DNDEBUG -g -fwrapv -O3 -Wall -Wstrict-prototypes  -s -g -I. -IInclude -I./Include  -fPIC -DPy_BUILD_CORE -o Python/frozen.o Python/frozen.c
gcc -pthread -c -fno-strict-aliasing -g -O2 -DNDEBUG -g -fwrapv -O3 -Wall -Wstrict-prototypes  -s -g -I. -IInclude -I./Include  -fPIC -DPy_BUILD_CORE -o Python/frozenmain.o Python/frozenmain.c
Python/frozenmain.c: In function ‘Py_FrozenMain’:
Python/frozenmain.c:19:9: warning: variable ‘inspect’ set but not used [-Wunused-but-set-variable]
     int inspect = 0;
         ^
gcc -pthread -c -fno-strict-aliasing -g -O2 -DNDEBUG -g -fwrapv -O3 -Wall -Wstrict-prototypes  -s -g -I. -IInclude -I./Include  -fPIC -DPy_BUILD_CORE -o Python/future.o Python/future.c
gcc -pthread -c -fno-strict-aliasing -g -O2 -DNDEBUG -g -fwrapv -O3 -Wall -Wstrict-prototypes  -s -g -I. -IInclude -I./Include  -fPIC -DPy_BUILD_CORE -o Python/getargs.o Python/getargs.c
gcc -pthread -c -fno-strict-aliasing -g -O2 -DNDEBUG -g -fwrapv -O3 -Wall -Wstrict-prototypes  -s -g -I. -IInclude -I./Include  -fPIC -DPy_BUILD_CORE -o Python/getcopyright.o Python/getcopyright.c
gcc -pthread -c -fno-strict-aliasing -g -O2 -DNDEBUG -g -fwrapv -O3 -Wall -Wstrict-prototypes  -s -g -I. -IInclude -I./Include  -fPIC -DPy_BUILD_CORE -DPLATFORM='"linux2"' -o Python/getplatform.o ./Python/getplatform.c
gcc -pthread -c -fno-strict-aliasing -g -O2 -DNDEBUG -g -fwrapv -O3 -Wall -Wstrict-prototypes  -s -g -I. -IInclude -I./Include  -fPIC -DPy_BUILD_CORE -o Python/getversion.o Python/getversion.c
gcc -pthread -c -fno-strict-aliasing -g -O2 -DNDEBUG -g -fwrapv -O3 -Wall -Wstrict-prototypes  -s -g -I. -IInclude -I./Include  -fPIC -DPy_BUILD_CORE -o Python/import.o Python/import.c
Python/import.c: In function ‘find_module’:
Python/import.c:1285:5: warning: format ‘%d’ expects argument of type ‘int’, but argument 5 has type ‘size_t’ [-Wformat=]
     printf("%s fullname:%s subname:%s buflen:%d\n",__func__,fullname, subname, buflen);
     ^
Python/import.c: At top level:
Python/import.c:732:1: warning: ‘make_compiled_pathname’ defined but not used [-Wunused-function]
 make_compiled_pathname(char *pathname, char *buf, size_t buflen)
 ^
Python/import.c:755:1: warning: ‘check_compiled_module’ defined but not used [-Wunused-function]
 check_compiled_module(char *pathname, time_t mtime, char *cpathname)
 ^
Python/import.c:897:1: warning: ‘write_compiled_module’ defined but not used [-Wunused-function]
 write_compiled_module(PyCodeObject *co, char *cpathname, struct stat *srcstat, time_t mtime)
 ^
Python/import.c:966:1: warning: ‘update_compiled_module’ defined but not used [-Wunused-function]
 update_compiled_module(PyCodeObject *co, char *pathname)
 ^
gcc -pthread -c -fno-strict-aliasing -g -O2 -DNDEBUG -g -fwrapv -O3 -Wall -Wstrict-prototypes  -s -g -I. -IInclude -I./Include  -fPIC -DPy_BUILD_CORE -I. -o Python/importdl.o ./Python/importdl.c
gcc -pthread -c -fno-strict-aliasing -g -O2 -DNDEBUG -g -fwrapv -O3 -Wall -Wstrict-prototypes  -s -g -I. -IInclude -I./Include  -fPIC -DPy_BUILD_CORE -o Python/marshal.o Python/marshal.c
gcc -pthread -c -fno-strict-aliasing -g -O2 -DNDEBUG -g -fwrapv -O3 -Wall -Wstrict-prototypes  -s -g -I. -IInclude -I./Include  -fPIC -DPy_BUILD_CORE -o Python/modsupport.o Python/modsupport.c
gcc -pthread -c -fno-strict-aliasing -g -O2 -DNDEBUG -g -fwrapv -O3 -Wall -Wstrict-prototypes  -s -g -I. -IInclude -I./Include  -fPIC -DPy_BUILD_CORE -o Python/mystrtoul.o Python/mystrtoul.c
gcc -pthread -c -fno-strict-aliasing -g -O2 -DNDEBUG -g -fwrapv -O3 -Wall -Wstrict-prototypes  -s -g -I. -IInclude -I./Include  -fPIC -DPy_BUILD_CORE -o Python/mysnprintf.o Python/mysnprintf.c
gcc -pthread -c -fno-strict-aliasing -g -O2 -DNDEBUG -g -fwrapv -O3 -Wall -Wstrict-prototypes  -s -g -I. -IInclude -I./Include  -fPIC -DPy_BUILD_CORE -o Python/peephole.o Python/peephole.c
gcc -pthread -c -fno-strict-aliasing -g -O2 -DNDEBUG -g -fwrapv -O3 -Wall -Wstrict-prototypes  -s -g -I. -IInclude -I./Include  -fPIC -DPy_BUILD_CORE -o Python/pyarena.o Python/pyarena.c
gcc -pthread -c -fno-strict-aliasing -g -O2 -DNDEBUG -g -fwrapv -O3 -Wall -Wstrict-prototypes  -s -g -I. -IInclude -I./Include  -fPIC -DPy_BUILD_CORE -o Python/pyctype.o Python/pyctype.c
gcc -pthread -c -fno-strict-aliasing -g -O2 -DNDEBUG -g -fwrapv -O3 -Wall -Wstrict-prototypes  -s -g -I. -IInclude -I./Include  -fPIC -DPy_BUILD_CORE -o Python/pyfpe.o Python/pyfpe.c
gcc -pthread -c -fno-strict-aliasing -g -O2 -DNDEBUG -g -fwrapv -O3 -Wall -Wstrict-prototypes  -s -g -I. -IInclude -I./Include  -fPIC -DPy_BUILD_CORE -o Python/pymath.o Python/pymath.c
gcc -pthread -c -fno-strict-aliasing -g -O2 -DNDEBUG -g -fwrapv -O3 -Wall -Wstrict-prototypes  -s -g -I. -IInclude -I./Include  -fPIC -DPy_BUILD_CORE -o Python/pystate.o Python/pystate.c
gcc -pthread -c -fno-strict-aliasing -g -O2 -DNDEBUG -g -fwrapv -O3 -Wall -Wstrict-prototypes  -s -g -I. -IInclude -I./Include  -fPIC -DPy_BUILD_CORE -o Python/pythonrun.o Python/pythonrun.c
Python/pythonrun.c:785:1: warning: multi-line comment [-Wcomment]
 //#define PARSER_FLAGS(flags) \
 ^
Python/pythonrun.c:791:1: warning: multi-line comment [-Wcomment]
 //#define PARSER_FLAGS(flags) \
 ^
Python/pythonrun.c: In function ‘PyErr_Display’:
Python/pythonrun.c:1242:20: warning: ‘filename’ may be used uninitialized in this function [-Wmaybe-uninitialized]
                 if (filename == NULL)
                    ^
Python/pythonrun.c:1247:30: warning: ‘lineno’ may be used uninitialized in this function [-Wmaybe-uninitialized]
                 PyOS_snprintf(buf, sizeof(buf), "%d", lineno);
                              ^
Python/pythonrun.c:1250:20: warning: ‘text’ may be used uninitialized in this function [-Wmaybe-uninitialized]
                 if (text != NULL)
                    ^
Python/pythonrun.c:1066:8: warning: ‘offset’ may be used uninitialized in this function [-Wmaybe-uninitialized]
     if (offset >= 0) {
        ^
Python/pythonrun.c:1234:25: note: ‘offset’ was declared here
             int lineno, offset;
                         ^
Python/pythonrun.c:1294:23: warning: ‘message’ may be used uninitialized in this function [-Wmaybe-uninitialized]
             PyObject *s = PyObject_Str(value);
                       ^
gcc -pthread -c -fno-strict-aliasing -g -O2 -DNDEBUG -g -fwrapv -O3 -Wall -Wstrict-prototypes  -s -g -I. -IInclude -I./Include  -fPIC -DPy_BUILD_CORE -o Python/random.o Python/random.c
gcc -pthread -c -fno-strict-aliasing -g -O2 -DNDEBUG -g -fwrapv -O3 -Wall -Wstrict-prototypes  -s -g -I. -IInclude -I./Include  -fPIC -DPy_BUILD_CORE -o Python/structmember.o Python/structmember.c
gcc -pthread -c -fno-strict-aliasing -g -O2 -DNDEBUG -g -fwrapv -O3 -Wall -Wstrict-prototypes  -s -g -I. -IInclude -I./Include  -fPIC -DPy_BUILD_CORE -o Python/symtable.o Python/symtable.c
gcc -pthread -c -fno-strict-aliasing -g -O2 -DNDEBUG -g -fwrapv -O3 -Wall -Wstrict-prototypes  -s -g -I. -IInclude -I./Include  -fPIC -DPy_BUILD_CORE -o Python/sysmodule.o Python/sysmodule.c
gcc -pthread -c -fno-strict-aliasing -g -O2 -DNDEBUG -g -fwrapv -O3 -Wall -Wstrict-prototypes  -s -g -I. -IInclude -I./Include  -fPIC -DPy_BUILD_CORE -o Python/traceback.o Python/traceback.c
gcc -pthread -c -fno-strict-aliasing -g -O2 -DNDEBUG -g -fwrapv -O3 -Wall -Wstrict-prototypes  -s -g -I. -IInclude -I./Include  -fPIC -DPy_BUILD_CORE -o Python/getopt.o Python/getopt.c
gcc -pthread -c -fno-strict-aliasing -g -O2 -DNDEBUG -g -fwrapv -O3 -Wall -Wstrict-prototypes  -s -g -I. -IInclude -I./Include  -fPIC -DPy_BUILD_CORE -o Python/pystrcmp.o Python/pystrcmp.c
gcc -pthread -c -fno-strict-aliasing -g -O2 -DNDEBUG -g -fwrapv -O3 -Wall -Wstrict-prototypes  -s -g -I. -IInclude -I./Include  -fPIC -DPy_BUILD_CORE -o Python/pystrtod.o Python/pystrtod.c
gcc -pthread -c -fno-strict-aliasing -g -O2 -DNDEBUG -g -fwrapv -O3 -Wall -Wstrict-prototypes  -s -g -I. -IInclude -I./Include  -fPIC -DPy_BUILD_CORE -o Python/dtoa.o Python/dtoa.c
gcc -pthread -c -fno-strict-aliasing -g -O2 -DNDEBUG -g -fwrapv -O3 -Wall -Wstrict-prototypes  -s -g -I. -IInclude -I./Include  -fPIC -DPy_BUILD_CORE -o Python/formatter_unicode.o Python/formatter_unicode.c
gcc -pthread -c -fno-strict-aliasing -g -O2 -DNDEBUG -g -fwrapv -O3 -Wall -Wstrict-prototypes  -s -g -I. -IInclude -I./Include  -fPIC -DPy_BUILD_CORE -o Python/formatter_string.o Python/formatter_string.c
gcc -pthread -c -fno-strict-aliasing -g -O2 -DNDEBUG -g -fwrapv -O3 -Wall -Wstrict-prototypes  -s -g -I. -IInclude -I./Include  -fPIC -DPy_BUILD_CORE -o Python/dynload_shlib.o Python/dynload_shlib.c
gcc -pthread -c -fno-strict-aliasing -g -O2 -DNDEBUG -g -fwrapv -O3 -Wall -Wstrict-prototypes  -s -g -I. -IInclude -I./Include  -fPIC -DPy_BUILD_CORE -o Python/thread.o Python/thread.c
gcc -pthread -c -fno-strict-aliasing -g -O2 -DNDEBUG -g -fwrapv -O3 -Wall -Wstrict-prototypes  -s -g -I. -IInclude -I./Include  -fPIC -DPy_BUILD_CORE -o Python/bltinmodule.o Python/bltinmodule.c
gcc -pthread -c -fno-strict-aliasing -g -O2 -DNDEBUG -g -fwrapv -O3 -Wall -Wstrict-prototypes  -s -g -I. -IInclude -I./Include  -fPIC -DPy_BUILD_CORE -o Python/ceval.o Python/ceval.c
gcc -pthread -c -fno-strict-aliasing -g -O2 -DNDEBUG -g -fwrapv -O3 -Wall -Wstrict-prototypes  -s -g -I. -IInclude -I./Include  -fPIC -DPy_BUILD_CORE -o Python/getcompiler.o Python/getcompiler.c
gcc -pthread -c -fno-strict-aliasing -g -O2 -DNDEBUG -g -fwrapv -O3 -Wall -Wstrict-prototypes  -s -g -I. -IInclude -I./Include  -fPIC -DPy_BUILD_CORE -o Modules/config.o Modules/config.c
gcc -pthread -c -fno-strict-aliasing -g -O2 -DNDEBUG -g -fwrapv -O3 -Wall -Wstrict-prototypes  -s -g -I. -IInclude -I./Include  -fPIC -DPy_BUILD_CORE -DPYTHONPATH='":plat-linux2:lib-tk:lib-old"' \
		-DPREFIX='"/usr/local/py275"' \
		-DEXEC_PREFIX='"/usr/local/py275"' \
		-DVERSION='"2.7"' \
		-DVPATH='""' \
		-o Modules/getpath.o ./Modules/getpath.c
gcc -pthread -c -fno-strict-aliasing -g -O2 -DNDEBUG -g -fwrapv -O3 -Wall -Wstrict-prototypes  -s -g -I. -IInclude -I./Include  -fPIC -DPy_BUILD_CORE -o Modules/main2.o Modules/main2.c
Modules/main2.c: In function ‘Py_Main_Backend’:
Modules/main2.c:9:28: warning: ‘ret’ may be used uninitialized in this function [-Wmaybe-uninitialized]
     int set_file_name = 0, ret;
                            ^
gcc -pthread -c -fno-strict-aliasing -g -O2 -DNDEBUG -g -fwrapv -O3 -Wall -Wstrict-prototypes  -s -g -I. -IInclude -I./Include  -fPIC -DPy_BUILD_CORE -o Modules/gcmodule.o Modules/gcmodule.c
gcc -pthread -fno-strict-aliasing -g -O2 -DNDEBUG -g -fwrapv -O3 -Wall -Wstrict-prototypes  -s -g -I. -IInclude -I./Include  -fPIC -DPy_BUILD_CORE  -c ./Modules/threadmodule.c -o Modules/threadmodule.o
gcc -pthread -fno-strict-aliasing -g -O2 -DNDEBUG -g -fwrapv -O3 -Wall -Wstrict-prototypes  -s -g -I. -IInclude -I./Include  -fPIC -DPy_BUILD_CORE  -c ./Modules/signalmodule.c -o Modules/signalmodule.o
./Modules/signalmodule.c: In function ‘trip_signal’:
./Modules/signalmodule.c:180:14: warning: ignoring return value of ‘write’, declared with attribute warn_unused_result [-Wunused-result]
         write(wakeup_fd, "\0", 1);
              ^
gcc -pthread -fno-strict-aliasing -g -O2 -DNDEBUG -g -fwrapv -O3 -Wall -Wstrict-prototypes  -s -g -I. -IInclude -I./Include  -fPIC -DPy_BUILD_CORE  -c ./Modules/posixmodule.c -o Modules/posixmodule.o
gcc -pthread -fno-strict-aliasing -g -O2 -DNDEBUG -g -fwrapv -O3 -Wall -Wstrict-prototypes  -s -g -I. -IInclude -I./Include  -fPIC -DPy_BUILD_CORE  -c ./Modules/errnomodule.c -o Modules/errnomodule.o
gcc -pthread -fno-strict-aliasing -g -O2 -DNDEBUG -g -fwrapv -O3 -Wall -Wstrict-prototypes  -s -g -I. -IInclude -I./Include  -fPIC -DPy_BUILD_CORE  -c ./Modules/pwdmodule.c -o Modules/pwdmodule.o
gcc -pthread -fno-strict-aliasing -g -O2 -DNDEBUG -g -fwrapv -O3 -Wall -Wstrict-prototypes  -s -g -I. -IInclude -I./Include  -fPIC -DPy_BUILD_CORE  -c ./Modules/_sre.c -o Modules/_sre.o
gcc -pthread -fno-strict-aliasing -g -O2 -DNDEBUG -g -fwrapv -O3 -Wall -Wstrict-prototypes  -s -g -I. -IInclude -I./Include  -fPIC -DPy_BUILD_CORE  -c ./Modules/_codecsmodule.c -o Modules/_codecsmodule.o
gcc -pthread -fno-strict-aliasing -g -O2 -DNDEBUG -g -fwrapv -O3 -Wall -Wstrict-prototypes  -s -g -I. -IInclude -I./Include  -fPIC -DPy_BUILD_CORE  -c ./Modules/_weakref.c -o Modules/_weakref.o
gcc -pthread -fno-strict-aliasing -g -O2 -DNDEBUG -g -fwrapv -O3 -Wall -Wstrict-prototypes  -s -g -I. -IInclude -I./Include  -fPIC -DPy_BUILD_CORE  -c ./Modules/zipimport.c -o Modules/zipimport.o
./Modules/zipimport.c:1012:1: warning: ‘normalize_line_endings’ defined but not used [-Wunused-function]
 normalize_line_endings(PyObject *source)
 ^
gcc -pthread -fno-strict-aliasing -g -O2 -DNDEBUG -g -fwrapv -O3 -Wall -Wstrict-prototypes  -s -g -I. -IInclude -I./Include  -fPIC -DPy_BUILD_CORE  -c ./Modules/symtablemodule.c -o Modules/symtablemodule.o
./Modules/symtablemodule.c: In function ‘symtable_symtable’:
./Modules/symtablemodule.c:17:9: warning: variable ‘start’ set but not used [-Wunused-but-set-variable]
     int start;
         ^
./Modules/symtablemodule.c:34:8: warning: ‘st’ may be used uninitialized in this function [-Wmaybe-uninitialized]
     if (st == NULL)
        ^
gcc -pthread -fno-strict-aliasing -g -O2 -DNDEBUG -g -fwrapv -O3 -Wall -Wstrict-prototypes  -s -g -I. -IInclude -I./Include  -fPIC -DPy_BUILD_CORE  -c ./Modules/xxsubtype.c -o Modules/xxsubtype.o
gcc -pthread -c -fno-strict-aliasing -g -O2 -DNDEBUG -g -fwrapv -O3 -Wall -Wstrict-prototypes  -s -g -I. -IInclude -I./Include  -fPIC -DPy_BUILD_CORE \
	      -DSVNVERSION="\"`LC_ALL=C svnversion .`\"" \
	      -DHGVERSION="\"`LC_ALL=C `\"" \
	      -DHGTAG="\"`LC_ALL=C `\"" \
	      -DHGBRANCH="\"`LC_ALL=C `\"" \
	      -o Modules/getbuildinfo.o ./Modules/getbuildinfo.c
rm -f libpython2.7.a
ar rc libpython2.7.a Modules/getbuildinfo.o
ar rc libpython2.7.a 
ar rc libpython2.7.a Objects/abstract.o Objects/boolobject.o Objects/bufferobject.o Objects/bytes_methods.o Objects/bytearrayobject.o Objects/capsule.o Objects/cellobject.o Objects/classobject.o Objects/cobject.o Objects/codeobject.o Objects/complexobject.o Objects/descrobject.o Objects/enumobject.o Objects/exceptions.o Objects/genobject.o Objects/fileobject.o Objects/floatobject.o Objects/frameobject.o Objects/funcobject.o Objects/intobject.o Objects/iterobject.o Objects/listobject.o Objects/longobject.o Objects/dictobject.o Objects/memoryobject.o Objects/methodobject.o Objects/moduleobject.o Objects/object.o Objects/obmalloc.o Objects/rangeobject.o Objects/setobject.o Objects/sliceobject.o Objects/stringobject.o Objects/structseq.o Objects/tupleobject.o Objects/typeobject.o Objects/weakrefobject.o Objects/unicodeobject.o Objects/unicodectype.o
ar rc libpython2.7.a Python/_warnings.o Python/codecs.o Python/errors.o Python/frozen.o Python/frozenmain.o Python/future.o Python/getargs.o Python/getcopyright.o Python/getplatform.o Python/getversion.o Python/import.o Python/importdl.o Python/marshal.o Python/modsupport.o Python/mystrtoul.o Python/mysnprintf.o Python/peephole.o Python/pyarena.o Python/pyctype.o Python/pyfpe.o Python/pymath.o Python/pystate.o Python/pythonrun.o Python/random.o Python/structmember.o Python/symtable.o Python/sysmodule.o Python/traceback.o Python/getopt.o Python/pystrcmp.o Python/pystrtod.o Python/dtoa.o Python/formatter_unicode.o Python/formatter_string.o Python/dynload_shlib.o   Python/thread.o Python/bltinmodule.o Python/ceval.o Python/getcompiler.o 
ar rc libpython2.7.a Modules/config.o Modules/getpath.o Modules/main2.o Modules/gcmodule.o  
ar rc libpython2.7.a Modules/threadmodule.o  Modules/signalmodule.o  Modules/posixmodule.o  Modules/errnomodule.o  Modules/pwdmodule.o  Modules/_sre.o  Modules/_codecsmodule.o  Modules/_weakref.o  Modules/zipimport.o  Modules/symtablemodule.o  Modules/xxsubtype.o
ranlib libpython2.7.a
make: *** No rule to make target `libpython2.7.so', needed by `pvm'.  Stop.
